// Jest Snapshot v1, https://goo.gl/fbAQLP

exports[`expect to render movies component 1`] = `
<Container
  fluid={true}
>
  <Row />
</Container>
`;
